// Jest Snapshot v1, https://goo.gl/fbAQLP

exports[`Ticket component Default state 1`] = `
<section
  className="ticket"
  key="1"
>
  <div
    className="ticket__price"
  >
    24 769
     Р
  </div>
  <div
    className="ticket__carrier"
  >
    <img
      alt="EY-logo"
      className="ticket__carrier-logo"
      src="http://pics.avs.io/99/36/EY.png"
    />
  </div>
  <div
    className="ticket__segment"
    key="1797"
  >
    <div
      className="ticket__time"
    >
      <h3
        className="ticket__segment-subtitle"
      >
        MOW
         – 
        HKT
      </h3>
      <p
        className="ticket__segment-info"
      >
        23:24
         – 
        12:41
      </p>
    </div>
    <div
      className="ticket__duration"
    >
      <h3
        className="ticket__segment-subtitle"
      >
        В пути
      </h3>
      <p
        className="ticket__segment-info"
      >
        13ч 17м
      </p>
    </div>
    <div
      className="ticket__transfers"
    >
      <h3
        className="ticket__segment-subtitle"
      >
        2 пересадки
      </h3>
      <p
        className="ticket__segment-info"
      >
        SHA, AUH
      </p>
    </div>
  </div>
  <div
    className="ticket__segment"
    key="1775"
  >
    <div
      className="ticket__time"
    >
      <h3
        className="ticket__segment-subtitle"
      >
        MOW
         – 
        HKT
      </h3>
      <p
        className="ticket__segment-info"
      >
        Invalid Date
         – 
        Invalid Date
      </p>
    </div>
    <div
      className="ticket__duration"
    >
      <h3
        className="ticket__segment-subtitle"
      >
        В пути
      </h3>
      <p
        className="ticket__segment-info"
      >
        12ч 55м
      </p>
    </div>
    <div
      className="ticket__transfers"
    >
      <h3
        className="ticket__segment-subtitle"
      >
        1 пересадка
      </h3>
      <p
        className="ticket__segment-info"
      >
        DXB
      </p>
    </div>
  </div>
</section>
`;
